// Jest Snapshot v1, https://goo.gl/fbAQLP

exports[`About should render the About page 1`] = `
ShallowWrapper {
  Symbol(enzyme.__root__): [Circular],
  Symbol(enzyme.__unrendered__): <About />,
  Symbol(enzyme.__renderer__): Object {
    "batchedUpdates": [Function],
    "checkPropTypes": [Function],
    "getNode": [Function],
    "render": [Function],
    "simulateError": [Function],
    "simulateEvent": [Function],
    "unmount": [Function],
  },
  Symbol(enzyme.__node__): Object {
    "instance": null,
    "key": undefined,
    "nodeType": "function",
    "props": Object {
      "children": Array [
        <h2>
          About
        </h2>,
        <p>
          Converter is a webapp to convert between various units of measurement.
        </p>,
        <p>
          It was built mainly as a way to learn various web technologies, one of them being css-grid, therefore it most likely will not render in IE correctly.
        </p>,
        <p>
          If you are interested in seeing the code it's available on 
          <a
            href="https://github.com/richardbristow/converter"
            title="Github"
          >
            Github
          </a>
          .
        </p>,
        <br />,
        <h3>
          Libraries / API's used
        </h3>,
        <ul>
          <li>
            <a
              href="https://reactjs.org"
              title="React"
            >
              React
            </a>
          </li>
          <li>
            <a
              href="http://mathjs.org/"
              title="MathJs"
            >
              Math.js
            </a>
          </li>
          <li>
            <a
              href="https://fixer.io/"
              title="FixerIO"
            >
              Fixer.io
            </a>
          </li>
        </ul>,
        <br />,
        <h3>
          Icons
        </h3>,
        <div>
          <span>
            Flag icons made by 
            <a
              href="https://www.flaticon.com/authors/twitter"
              title="Twitter"
            >
              Twitter
            </a>
             from 
            <a
              href="https://www.flaticon.com"
              title="Flaticon"
            >
              Flaticon.com
            </a>
          </span>
        </div>,
        <div>
          <span>
            Bitcoin icon made by 
            <a
              href="https://www.flaticon.com/authors/pixel-buddha"
              title="Pixel Buddha"
            >
              Pixel Buddha
            </a>
             from 
            <a
              href="https://www.flaticon.com/"
              title="Flaticon"
            >
              Flaticon.com
            </a>
          </span>
        </div>,
        <div>
          <span>
            Mass icon made by 
            <a
              href="http://www.freepik.com"
              title="Freepik"
            >
              Freepik
            </a>
             from 
            <a
              href="https://www.flaticon.com/"
              title="Flaticon"
            >
              Flaticon.com
            </a>
          </span>
        </div>,
        <div>
          <span>
            Temperature icon made by 
            <a
              href="https://www.flaticon.com/authors/hirschwolf"
              title="hirschwolf"
            >
              hirschwolf
            </a>
             from 
            <a
              href="https://www.flaticon.com/"
              title="Flaticon"
            >
              Flaticon.com
            </a>
          </span>
        </div>,
        <div>
          <span>
            All other icons from 
            <a
              href="https://iconmonstr.com/about/#creator"
            >
              Iconmonstr
            </a>
          </span>
        </div>,
      ],
    },
    "ref": null,
    "rendered": Array [
      Object {
        "instance": null,
        "key": undefined,
        "nodeType": "host",
        "props": Object {
          "children": "About",
        },
        "ref": null,
        "rendered": "About",
        "type": "h2",
      },
      Object {
        "instance": null,
        "key": undefined,
        "nodeType": "host",
        "props": Object {
          "children": "Converter is a webapp to convert between various units of measurement.",
        },
        "ref": null,
        "rendered": "Converter is a webapp to convert between various units of measurement.",
        "type": "p",
      },
      Object {
        "instance": null,
        "key": undefined,
        "nodeType": "host",
        "props": Object {
          "children": "It was built mainly as a way to learn various web technologies, one of them being css-grid, therefore it most likely will not render in IE correctly.",
        },
        "ref": null,
        "rendered": "It was built mainly as a way to learn various web technologies, one of them being css-grid, therefore it most likely will not render in IE correctly.",
        "type": "p",
      },
      Object {
        "instance": null,
        "key": undefined,
        "nodeType": "host",
        "props": Object {
          "children": Array [
            "If you are interested in seeing the code it's available on ",
            <a
              href="https://github.com/richardbristow/converter"
              title="Github"
            >
              Github
            </a>,
            ".",
          ],
        },
        "ref": null,
        "rendered": Array [
          "If you are interested in seeing the code it's available on ",
          Object {
            "instance": null,
            "key": undefined,
            "nodeType": "host",
            "props": Object {
              "children": "Github",
              "href": "https://github.com/richardbristow/converter",
              "title": "Github",
            },
            "ref": null,
            "rendered": "Github",
            "type": "a",
          },
          ".",
        ],
        "type": "p",
      },
      Object {
        "instance": null,
        "key": undefined,
        "nodeType": "host",
        "props": Object {},
        "ref": null,
        "rendered": null,
        "type": "br",
      },
      Object {
        "instance": null,
        "key": undefined,
        "nodeType": "host",
        "props": Object {
          "children": "Libraries / API's used",
        },
        "ref": null,
        "rendered": "Libraries / API's used",
        "type": "h3",
      },
      Object {
        "instance": null,
        "key": undefined,
        "nodeType": "host",
        "props": Object {
          "children": Array [
            <li>
              <a
                href="https://reactjs.org"
                title="React"
              >
                React
              </a>
            </li>,
            <li>
              <a
                href="http://mathjs.org/"
                title="MathJs"
              >
                Math.js
              </a>
            </li>,
            <li>
              <a
                href="https://fixer.io/"
                title="FixerIO"
              >
                Fixer.io
              </a>
            </li>,
          ],
        },
        "ref": null,
        "rendered": Array [
          Object {
            "instance": null,
            "key": undefined,
            "nodeType": "host",
            "props": Object {
              "children": <a
                href="https://reactjs.org"
                title="React"
              >
                React
              </a>,
            },
            "ref": null,
            "rendered": Object {
              "instance": null,
              "key": undefined,
              "nodeType": "host",
              "props": Object {
                "children": "React",
                "href": "https://reactjs.org",
                "title": "React",
              },
              "ref": null,
              "rendered": "React",
              "type": "a",
            },
            "type": "li",
          },
          Object {
            "instance": null,
            "key": undefined,
            "nodeType": "host",
            "props": Object {
              "children": <a
                href="http://mathjs.org/"
                title="MathJs"
              >
                Math.js
              </a>,
            },
            "ref": null,
            "rendered": Object {
              "instance": null,
              "key": undefined,
              "nodeType": "host",
              "props": Object {
                "children": "Math.js",
                "href": "http://mathjs.org/",
                "title": "MathJs",
              },
              "ref": null,
              "rendered": "Math.js",
              "type": "a",
            },
            "type": "li",
          },
          Object {
            "instance": null,
            "key": undefined,
            "nodeType": "host",
            "props": Object {
              "children": <a
                href="https://fixer.io/"
                title="FixerIO"
              >
                Fixer.io
              </a>,
            },
            "ref": null,
            "rendered": Object {
              "instance": null,
              "key": undefined,
              "nodeType": "host",
              "props": Object {
                "children": "Fixer.io",
                "href": "https://fixer.io/",
                "title": "FixerIO",
              },
              "ref": null,
              "rendered": "Fixer.io",
              "type": "a",
            },
            "type": "li",
          },
        ],
        "type": "ul",
      },
      Object {
        "instance": null,
        "key": undefined,
        "nodeType": "host",
        "props": Object {},
        "ref": null,
        "rendered": null,
        "type": "br",
      },
      Object {
        "instance": null,
        "key": undefined,
        "nodeType": "host",
        "props": Object {
          "children": "Icons",
        },
        "ref": null,
        "rendered": "Icons",
        "type": "h3",
      },
      Object {
        "instance": null,
        "key": undefined,
        "nodeType": "host",
        "props": Object {
          "children": <span>
            Flag icons made by 
            <a
              href="https://www.flaticon.com/authors/twitter"
              title="Twitter"
            >
              Twitter
            </a>
             from 
            <a
              href="https://www.flaticon.com"
              title="Flaticon"
            >
              Flaticon.com
            </a>
          </span>,
        },
        "ref": null,
        "rendered": Object {
          "instance": null,
          "key": undefined,
          "nodeType": "host",
          "props": Object {
            "children": Array [
              "Flag icons made by ",
              <a
                href="https://www.flaticon.com/authors/twitter"
                title="Twitter"
              >
                Twitter
              </a>,
              " from ",
              <a
                href="https://www.flaticon.com"
                title="Flaticon"
              >
                Flaticon.com
              </a>,
            ],
          },
          "ref": null,
          "rendered": Array [
            "Flag icons made by ",
            Object {
              "instance": null,
              "key": undefined,
              "nodeType": "host",
              "props": Object {
                "children": "Twitter",
                "href": "https://www.flaticon.com/authors/twitter",
                "title": "Twitter",
              },
              "ref": null,
              "rendered": "Twitter",
              "type": "a",
            },
            " from ",
            Object {
              "instance": null,
              "key": undefined,
              "nodeType": "host",
              "props": Object {
                "children": "Flaticon.com",
                "href": "https://www.flaticon.com",
                "title": "Flaticon",
              },
              "ref": null,
              "rendered": "Flaticon.com",
              "type": "a",
            },
          ],
          "type": "span",
        },
        "type": "div",
      },
      Object {
        "instance": null,
        "key": undefined,
        "nodeType": "host",
        "props": Object {
          "children": <span>
            Bitcoin icon made by 
            <a
              href="https://www.flaticon.com/authors/pixel-buddha"
              title="Pixel Buddha"
            >
              Pixel Buddha
            </a>
             from 
            <a
              href="https://www.flaticon.com/"
              title="Flaticon"
            >
              Flaticon.com
            </a>
          </span>,
        },
        "ref": null,
        "rendered": Object {
          "instance": null,
          "key": undefined,
          "nodeType": "host",
          "props": Object {
            "children": Array [
              "Bitcoin icon made by ",
              <a
                href="https://www.flaticon.com/authors/pixel-buddha"
                title="Pixel Buddha"
              >
                Pixel Buddha
              </a>,
              " from ",
              <a
                href="https://www.flaticon.com/"
                title="Flaticon"
              >
                Flaticon.com
              </a>,
            ],
          },
          "ref": null,
          "rendered": Array [
            "Bitcoin icon made by ",
            Object {
              "instance": null,
              "key": undefined,
              "nodeType": "host",
              "props": Object {
                "children": "Pixel Buddha",
                "href": "https://www.flaticon.com/authors/pixel-buddha",
                "title": "Pixel Buddha",
              },
              "ref": null,
              "rendered": "Pixel Buddha",
              "type": "a",
            },
            " from ",
            Object {
              "instance": null,
              "key": undefined,
              "nodeType": "host",
              "props": Object {
                "children": "Flaticon.com",
                "href": "https://www.flaticon.com/",
                "title": "Flaticon",
              },
              "ref": null,
              "rendered": "Flaticon.com",
              "type": "a",
            },
          ],
          "type": "span",
        },
        "type": "div",
      },
      Object {
        "instance": null,
        "key": undefined,
        "nodeType": "host",
        "props": Object {
          "children": <span>
            Mass icon made by 
            <a
              href="http://www.freepik.com"
              title="Freepik"
            >
              Freepik
            </a>
             from 
            <a
              href="https://www.flaticon.com/"
              title="Flaticon"
            >
              Flaticon.com
            </a>
          </span>,
        },
        "ref": null,
        "rendered": Object {
          "instance": null,
          "key": undefined,
          "nodeType": "host",
          "props": Object {
            "children": Array [
              "Mass icon made by ",
              <a
                href="http://www.freepik.com"
                title="Freepik"
              >
                Freepik
              </a>,
              " from ",
              <a
                href="https://www.flaticon.com/"
                title="Flaticon"
              >
                Flaticon.com
              </a>,
            ],
          },
          "ref": null,
          "rendered": Array [
            "Mass icon made by ",
            Object {
              "instance": null,
              "key": undefined,
              "nodeType": "host",
              "props": Object {
                "children": "Freepik",
                "href": "http://www.freepik.com",
                "title": "Freepik",
              },
              "ref": null,
              "rendered": "Freepik",
              "type": "a",
            },
            " from ",
            Object {
              "instance": null,
              "key": undefined,
              "nodeType": "host",
              "props": Object {
                "children": "Flaticon.com",
                "href": "https://www.flaticon.com/",
                "title": "Flaticon",
              },
              "ref": null,
              "rendered": "Flaticon.com",
              "type": "a",
            },
          ],
          "type": "span",
        },
        "type": "div",
      },
      Object {
        "instance": null,
        "key": undefined,
        "nodeType": "host",
        "props": Object {
          "children": <span>
            Temperature icon made by 
            <a
              href="https://www.flaticon.com/authors/hirschwolf"
              title="hirschwolf"
            >
              hirschwolf
            </a>
             from 
            <a
              href="https://www.flaticon.com/"
              title="Flaticon"
            >
              Flaticon.com
            </a>
          </span>,
        },
        "ref": null,
        "rendered": Object {
          "instance": null,
          "key": undefined,
          "nodeType": "host",
          "props": Object {
            "children": Array [
              "Temperature icon made by ",
              <a
                href="https://www.flaticon.com/authors/hirschwolf"
                title="hirschwolf"
              >
                hirschwolf
              </a>,
              " from ",
              <a
                href="https://www.flaticon.com/"
                title="Flaticon"
              >
                Flaticon.com
              </a>,
            ],
          },
          "ref": null,
          "rendered": Array [
            "Temperature icon made by ",
            Object {
              "instance": null,
              "key": undefined,
              "nodeType": "host",
              "props": Object {
                "children": "hirschwolf",
                "href": "https://www.flaticon.com/authors/hirschwolf",
                "title": "hirschwolf",
              },
              "ref": null,
              "rendered": "hirschwolf",
              "type": "a",
            },
            " from ",
            Object {
              "instance": null,
              "key": undefined,
              "nodeType": "host",
              "props": Object {
                "children": "Flaticon.com",
                "href": "https://www.flaticon.com/",
                "title": "Flaticon",
              },
              "ref": null,
              "rendered": "Flaticon.com",
              "type": "a",
            },
          ],
          "type": "span",
        },
        "type": "div",
      },
      Object {
        "instance": null,
        "key": undefined,
        "nodeType": "host",
        "props": Object {
          "children": <span>
            All other icons from 
            <a
              href="https://iconmonstr.com/about/#creator"
            >
              Iconmonstr
            </a>
          </span>,
        },
        "ref": null,
        "rendered": Object {
          "instance": null,
          "key": undefined,
          "nodeType": "host",
          "props": Object {
            "children": Array [
              "All other icons from ",
              <a
                href="https://iconmonstr.com/about/#creator"
              >
                Iconmonstr
              </a>,
            ],
          },
          "ref": null,
          "rendered": Array [
            "All other icons from ",
            Object {
              "instance": null,
              "key": undefined,
              "nodeType": "host",
              "props": Object {
                "children": "Iconmonstr",
                "href": "https://iconmonstr.com/about/#creator",
              },
              "ref": null,
              "rendered": "Iconmonstr",
              "type": "a",
            },
          ],
          "type": "span",
        },
        "type": "div",
      },
    ],
    "type": Object {
      "$$typeof": Symbol(react.forward_ref),
      "attrs": Array [],
      "componentStyle": ComponentStyle {
        "componentId": "StyledNavPage-sc-1p2uwrr-0",
        "isStatic": true,
        "rules": Array [
          "h2{margin-top:0;}",
        ],
      },
      "displayName": "StyledNavPage",
      "foldedComponentIds": Array [],
      "render": [Function],
      "styledComponentId": "StyledNavPage-sc-1p2uwrr-0",
      "target": "div",
      "toString": [Function],
      "warnTooManyClasses": [Function],
      "withComponent": [Function],
    },
  },
  Symbol(enzyme.__nodes__): Array [
    Object {
      "instance": null,
      "key": undefined,
      "nodeType": "function",
      "props": Object {
        "children": Array [
          <h2>
            About
          </h2>,
          <p>
            Converter is a webapp to convert between various units of measurement.
          </p>,
          <p>
            It was built mainly as a way to learn various web technologies, one of them being css-grid, therefore it most likely will not render in IE correctly.
          </p>,
          <p>
            If you are interested in seeing the code it's available on 
            <a
              href="https://github.com/richardbristow/converter"
              title="Github"
            >
              Github
            </a>
            .
          </p>,
          <br />,
          <h3>
            Libraries / API's used
          </h3>,
          <ul>
            <li>
              <a
                href="https://reactjs.org"
                title="React"
              >
                React
              </a>
            </li>
            <li>
              <a
                href="http://mathjs.org/"
                title="MathJs"
              >
                Math.js
              </a>
            </li>
            <li>
              <a
                href="https://fixer.io/"
                title="FixerIO"
              >
                Fixer.io
              </a>
            </li>
          </ul>,
          <br />,
          <h3>
            Icons
          </h3>,
          <div>
            <span>
              Flag icons made by 
              <a
                href="https://www.flaticon.com/authors/twitter"
                title="Twitter"
              >
                Twitter
              </a>
               from 
              <a
                href="https://www.flaticon.com"
                title="Flaticon"
              >
                Flaticon.com
              </a>
            </span>
          </div>,
          <div>
            <span>
              Bitcoin icon made by 
              <a
                href="https://www.flaticon.com/authors/pixel-buddha"
                title="Pixel Buddha"
              >
                Pixel Buddha
              </a>
               from 
              <a
                href="https://www.flaticon.com/"
                title="Flaticon"
              >
                Flaticon.com
              </a>
            </span>
          </div>,
          <div>
            <span>
              Mass icon made by 
              <a
                href="http://www.freepik.com"
                title="Freepik"
              >
                Freepik
              </a>
               from 
              <a
                href="https://www.flaticon.com/"
                title="Flaticon"
              >
                Flaticon.com
              </a>
            </span>
          </div>,
          <div>
            <span>
              Temperature icon made by 
              <a
                href="https://www.flaticon.com/authors/hirschwolf"
                title="hirschwolf"
              >
                hirschwolf
              </a>
               from 
              <a
                href="https://www.flaticon.com/"
                title="Flaticon"
              >
                Flaticon.com
              </a>
            </span>
          </div>,
          <div>
            <span>
              All other icons from 
              <a
                href="https://iconmonstr.com/about/#creator"
              >
                Iconmonstr
              </a>
            </span>
          </div>,
        ],
      },
      "ref": null,
      "rendered": Array [
        Object {
          "instance": null,
          "key": undefined,
          "nodeType": "host",
          "props": Object {
            "children": "About",
          },
          "ref": null,
          "rendered": "About",
          "type": "h2",
        },
        Object {
          "instance": null,
          "key": undefined,
          "nodeType": "host",
          "props": Object {
            "children": "Converter is a webapp to convert between various units of measurement.",
          },
          "ref": null,
          "rendered": "Converter is a webapp to convert between various units of measurement.",
          "type": "p",
        },
        Object {
          "instance": null,
          "key": undefined,
          "nodeType": "host",
          "props": Object {
            "children": "It was built mainly as a way to learn various web technologies, one of them being css-grid, therefore it most likely will not render in IE correctly.",
          },
          "ref": null,
          "rendered": "It was built mainly as a way to learn various web technologies, one of them being css-grid, therefore it most likely will not render in IE correctly.",
          "type": "p",
        },
        Object {
          "instance": null,
          "key": undefined,
          "nodeType": "host",
          "props": Object {
            "children": Array [
              "If you are interested in seeing the code it's available on ",
              <a
                href="https://github.com/richardbristow/converter"
                title="Github"
              >
                Github
              </a>,
              ".",
            ],
          },
          "ref": null,
          "rendered": Array [
            "If you are interested in seeing the code it's available on ",
            Object {
              "instance": null,
              "key": undefined,
              "nodeType": "host",
              "props": Object {
                "children": "Github",
                "href": "https://github.com/richardbristow/converter",
                "title": "Github",
              },
              "ref": null,
              "rendered": "Github",
              "type": "a",
            },
            ".",
          ],
          "type": "p",
        },
        Object {
          "instance": null,
          "key": undefined,
          "nodeType": "host",
          "props": Object {},
          "ref": null,
          "rendered": null,
          "type": "br",
        },
        Object {
          "instance": null,
          "key": undefined,
          "nodeType": "host",
          "props": Object {
            "children": "Libraries / API's used",
          },
          "ref": null,
          "rendered": "Libraries / API's used",
          "type": "h3",
        },
        Object {
          "instance": null,
          "key": undefined,
          "nodeType": "host",
          "props": Object {
            "children": Array [
              <li>
                <a
                  href="https://reactjs.org"
                  title="React"
                >
                  React
                </a>
              </li>,
              <li>
                <a
                  href="http://mathjs.org/"
                  title="MathJs"
                >
                  Math.js
                </a>
              </li>,
              <li>
                <a
                  href="https://fixer.io/"
                  title="FixerIO"
                >
                  Fixer.io
                </a>
              </li>,
            ],
          },
          "ref": null,
          "rendered": Array [
            Object {
              "instance": null,
              "key": undefined,
              "nodeType": "host",
              "props": Object {
                "children": <a
                  href="https://reactjs.org"
                  title="React"
                >
                  React
                </a>,
              },
              "ref": null,
              "rendered": Object {
                "instance": null,
                "key": undefined,
                "nodeType": "host",
                "props": Object {
                  "children": "React",
                  "href": "https://reactjs.org",
                  "title": "React",
                },
                "ref": null,
                "rendered": "React",
                "type": "a",
              },
              "type": "li",
            },
            Object {
              "instance": null,
              "key": undefined,
              "nodeType": "host",
              "props": Object {
                "children": <a
                  href="http://mathjs.org/"
                  title="MathJs"
                >
                  Math.js
                </a>,
              },
              "ref": null,
              "rendered": Object {
                "instance": null,
                "key": undefined,
                "nodeType": "host",
                "props": Object {
                  "children": "Math.js",
                  "href": "http://mathjs.org/",
                  "title": "MathJs",
                },
                "ref": null,
                "rendered": "Math.js",
                "type": "a",
              },
              "type": "li",
            },
            Object {
              "instance": null,
              "key": undefined,
              "nodeType": "host",
              "props": Object {
                "children": <a
                  href="https://fixer.io/"
                  title="FixerIO"
                >
                  Fixer.io
                </a>,
              },
              "ref": null,
              "rendered": Object {
                "instance": null,
                "key": undefined,
                "nodeType": "host",
                "props": Object {
                  "children": "Fixer.io",
                  "href": "https://fixer.io/",
                  "title": "FixerIO",
                },
                "ref": null,
                "rendered": "Fixer.io",
                "type": "a",
              },
              "type": "li",
            },
          ],
          "type": "ul",
        },
        Object {
          "instance": null,
          "key": undefined,
          "nodeType": "host",
          "props": Object {},
          "ref": null,
          "rendered": null,
          "type": "br",
        },
        Object {
          "instance": null,
          "key": undefined,
          "nodeType": "host",
          "props": Object {
            "children": "Icons",
          },
          "ref": null,
          "rendered": "Icons",
          "type": "h3",
        },
        Object {
          "instance": null,
          "key": undefined,
          "nodeType": "host",
          "props": Object {
            "children": <span>
              Flag icons made by 
              <a
                href="https://www.flaticon.com/authors/twitter"
                title="Twitter"
              >
                Twitter
              </a>
               from 
              <a
                href="https://www.flaticon.com"
                title="Flaticon"
              >
                Flaticon.com
              </a>
            </span>,
          },
          "ref": null,
          "rendered": Object {
            "instance": null,
            "key": undefined,
            "nodeType": "host",
            "props": Object {
              "children": Array [
                "Flag icons made by ",
                <a
                  href="https://www.flaticon.com/authors/twitter"
                  title="Twitter"
                >
                  Twitter
                </a>,
                " from ",
                <a
                  href="https://www.flaticon.com"
                  title="Flaticon"
                >
                  Flaticon.com
                </a>,
              ],
            },
            "ref": null,
            "rendered": Array [
              "Flag icons made by ",
              Object {
                "instance": null,
                "key": undefined,
                "nodeType": "host",
                "props": Object {
                  "children": "Twitter",
                  "href": "https://www.flaticon.com/authors/twitter",
                  "title": "Twitter",
                },
                "ref": null,
                "rendered": "Twitter",
                "type": "a",
              },
              " from ",
              Object {
                "instance": null,
                "key": undefined,
                "nodeType": "host",
                "props": Object {
                  "children": "Flaticon.com",
                  "href": "https://www.flaticon.com",
                  "title": "Flaticon",
                },
                "ref": null,
                "rendered": "Flaticon.com",
                "type": "a",
              },
            ],
            "type": "span",
          },
          "type": "div",
        },
        Object {
          "instance": null,
          "key": undefined,
          "nodeType": "host",
          "props": Object {
            "children": <span>
              Bitcoin icon made by 
              <a
                href="https://www.flaticon.com/authors/pixel-buddha"
                title="Pixel Buddha"
              >
                Pixel Buddha
              </a>
               from 
              <a
                href="https://www.flaticon.com/"
                title="Flaticon"
              >
                Flaticon.com
              </a>
            </span>,
          },
          "ref": null,
          "rendered": Object {
            "instance": null,
            "key": undefined,
            "nodeType": "host",
            "props": Object {
              "children": Array [
                "Bitcoin icon made by ",
                <a
                  href="https://www.flaticon.com/authors/pixel-buddha"
                  title="Pixel Buddha"
                >
                  Pixel Buddha
                </a>,
                " from ",
                <a
                  href="https://www.flaticon.com/"
                  title="Flaticon"
                >
                  Flaticon.com
                </a>,
              ],
            },
            "ref": null,
            "rendered": Array [
              "Bitcoin icon made by ",
              Object {
                "instance": null,
                "key": undefined,
                "nodeType": "host",
                "props": Object {
                  "children": "Pixel Buddha",
                  "href": "https://www.flaticon.com/authors/pixel-buddha",
                  "title": "Pixel Buddha",
                },
                "ref": null,
                "rendered": "Pixel Buddha",
                "type": "a",
              },
              " from ",
              Object {
                "instance": null,
                "key": undefined,
                "nodeType": "host",
                "props": Object {
                  "children": "Flaticon.com",
                  "href": "https://www.flaticon.com/",
                  "title": "Flaticon",
                },
                "ref": null,
                "rendered": "Flaticon.com",
                "type": "a",
              },
            ],
            "type": "span",
          },
          "type": "div",
        },
        Object {
          "instance": null,
          "key": undefined,
          "nodeType": "host",
          "props": Object {
            "children": <span>
              Mass icon made by 
              <a
                href="http://www.freepik.com"
                title="Freepik"
              >
                Freepik
              </a>
               from 
              <a
                href="https://www.flaticon.com/"
                title="Flaticon"
              >
                Flaticon.com
              </a>
            </span>,
          },
          "ref": null,
          "rendered": Object {
            "instance": null,
            "key": undefined,
            "nodeType": "host",
            "props": Object {
              "children": Array [
                "Mass icon made by ",
                <a
                  href="http://www.freepik.com"
                  title="Freepik"
                >
                  Freepik
                </a>,
                " from ",
                <a
                  href="https://www.flaticon.com/"
                  title="Flaticon"
                >
                  Flaticon.com
                </a>,
              ],
            },
            "ref": null,
            "rendered": Array [
              "Mass icon made by ",
              Object {
                "instance": null,
                "key": undefined,
                "nodeType": "host",
                "props": Object {
                  "children": "Freepik",
                  "href": "http://www.freepik.com",
                  "title": "Freepik",
                },
                "ref": null,
                "rendered": "Freepik",
                "type": "a",
              },
              " from ",
              Object {
                "instance": null,
                "key": undefined,
                "nodeType": "host",
                "props": Object {
                  "children": "Flaticon.com",
                  "href": "https://www.flaticon.com/",
                  "title": "Flaticon",
                },
                "ref": null,
                "rendered": "Flaticon.com",
                "type": "a",
              },
            ],
            "type": "span",
          },
          "type": "div",
        },
        Object {
          "instance": null,
          "key": undefined,
          "nodeType": "host",
          "props": Object {
            "children": <span>
              Temperature icon made by 
              <a
                href="https://www.flaticon.com/authors/hirschwolf"
                title="hirschwolf"
              >
                hirschwolf
              </a>
               from 
              <a
                href="https://www.flaticon.com/"
                title="Flaticon"
              >
                Flaticon.com
              </a>
            </span>,
          },
          "ref": null,
          "rendered": Object {
            "instance": null,
            "key": undefined,
            "nodeType": "host",
            "props": Object {
              "children": Array [
                "Temperature icon made by ",
                <a
                  href="https://www.flaticon.com/authors/hirschwolf"
                  title="hirschwolf"
                >
                  hirschwolf
                </a>,
                " from ",
                <a
                  href="https://www.flaticon.com/"
                  title="Flaticon"
                >
                  Flaticon.com
                </a>,
              ],
            },
            "ref": null,
            "rendered": Array [
              "Temperature icon made by ",
              Object {
                "instance": null,
                "key": undefined,
                "nodeType": "host",
                "props": Object {
                  "children": "hirschwolf",
                  "href": "https://www.flaticon.com/authors/hirschwolf",
                  "title": "hirschwolf",
                },
                "ref": null,
                "rendered": "hirschwolf",
                "type": "a",
              },
              " from ",
              Object {
                "instance": null,
                "key": undefined,
                "nodeType": "host",
                "props": Object {
                  "children": "Flaticon.com",
                  "href": "https://www.flaticon.com/",
                  "title": "Flaticon",
                },
                "ref": null,
                "rendered": "Flaticon.com",
                "type": "a",
              },
            ],
            "type": "span",
          },
          "type": "div",
        },
        Object {
          "instance": null,
          "key": undefined,
          "nodeType": "host",
          "props": Object {
            "children": <span>
              All other icons from 
              <a
                href="https://iconmonstr.com/about/#creator"
              >
                Iconmonstr
              </a>
            </span>,
          },
          "ref": null,
          "rendered": Object {
            "instance": null,
            "key": undefined,
            "nodeType": "host",
            "props": Object {
              "children": Array [
                "All other icons from ",
                <a
                  href="https://iconmonstr.com/about/#creator"
                >
                  Iconmonstr
                </a>,
              ],
            },
            "ref": null,
            "rendered": Array [
              "All other icons from ",
              Object {
                "instance": null,
                "key": undefined,
                "nodeType": "host",
                "props": Object {
                  "children": "Iconmonstr",
                  "href": "https://iconmonstr.com/about/#creator",
                },
                "ref": null,
                "rendered": "Iconmonstr",
                "type": "a",
              },
            ],
            "type": "span",
          },
          "type": "div",
        },
      ],
      "type": Object {
        "$$typeof": Symbol(react.forward_ref),
        "attrs": Array [],
        "componentStyle": ComponentStyle {
          "componentId": "StyledNavPage-sc-1p2uwrr-0",
          "isStatic": true,
          "rules": Array [
            "h2{margin-top:0;}",
          ],
        },
        "displayName": "StyledNavPage",
        "foldedComponentIds": Array [],
        "render": [Function],
        "styledComponentId": "StyledNavPage-sc-1p2uwrr-0",
        "target": "div",
        "toString": [Function],
        "warnTooManyClasses": [Function],
        "withComponent": [Function],
      },
    },
  ],
  Symbol(enzyme.__options__): Object {
    "adapter": ReactSixteenAdapter {
      "options": Object {
        "enableComponentDidUpdateOnSetState": true,
        "legacyContextMode": "parent",
        "lifecycles": Object {
          "componentDidUpdate": Object {
            "onSetState": true,
          },
          "getChildContext": Object {
            "calledByRenderer": false,
          },
          "getDerivedStateFromProps": true,
          "getSnapshotBeforeUpdate": true,
          "setState": Object {
            "skipsComponentDidUpdateOnNullish": true,
          },
        },
      },
    },
  },
}
`;
