// Jest Snapshot v1, https://goo.gl/fbAQLP

exports[`About should render the About page 1`] = `
ShallowWrapper {
  Symbol(enzyme.__root__): [Circular],
  Symbol(enzyme.__unrendered__): <About />,
  Symbol(enzyme.__renderer__): Object {
    "batchedUpdates": [Function],
    "getNode": [Function],
    "render": [Function],
    "simulateError": [Function],
    "simulateEvent": [Function],
    "unmount": [Function],
  },
  Symbol(enzyme.__node__): Object {
    "instance": null,
    "key": undefined,
    "nodeType": "function",
    "props": Object {
      "children": Array [
        <h2>
          About
        </h2>,
        <p>
          Lorem ipsum, dolor sit amet consectetur adipisicing elit. Delectus deleniti nam beatae sint voluptas ea blanditiis, sequi itaque animi vero nisi aperiam necessitatibus mollitia est voluptates nemo sit at temporibus?
        </p>,
        <h3>
          Credits
        </h3>,
        <ul>
          <li>
            React
          </li>
          <li>
            Math.js
          </li>
          <li>
            Fixer.io
          </li>
        </ul>,
        <h4>
          Icons
        </h4>,
        <div>
          <span>
            Flag icons made by 
            <a
              href="https://www.flaticon.com/authors/twitter"
              title="Twitter"
            >
              Twitter
            </a>
             from 
            <a
              href="https://www.flaticon.com"
              title="Flaticon"
            >
              Flaticon.com
            </a>
          </span>
        </div>,
        <div>
          <span>
            Bitcoin icon made by 
            <a
              href="https://www.flaticon.com/authors/pixel-buddha"
              title="Pixel Buddha"
            >
              Pixel Buddha
            </a>
             from 
            <a
              href="https://www.flaticon.com/"
              title="Flaticon"
            >
              Flaticon.com
            </a>
          </span>
        </div>,
        <div>
          <span>
            Mass icon made by 
            <a
              href="http://www.freepik.com"
              title="Freepik"
            >
              Freepik
            </a>
             from 
            <a
              href="https://www.flaticon.com/"
              title="Flaticon"
            >
              Flaticon.com
            </a>
          </span>
        </div>,
        <div>
          <span>
            Temperature icon made by 
            <a
              href="https://www.flaticon.com/authors/hirschwolf"
              title="hirschwolf"
            >
              hirschwolf
            </a>
             from 
            <a
              href="https://www.flaticon.com/"
              title="Flaticon"
            >
              Flaticon.com
            </a>
          </span>
        </div>,
        <div>
          <span>
            All other icons from 
            <a
              href="https://iconmonstr.com/about/#creator"
            >
              Iconmonstr
            </a>
          </span>
        </div>,
      ],
    },
    "ref": null,
    "rendered": Array [
      Object {
        "instance": null,
        "key": undefined,
        "nodeType": "host",
        "props": Object {
          "children": "About",
        },
        "ref": null,
        "rendered": "About",
        "type": "h2",
      },
      Object {
        "instance": null,
        "key": undefined,
        "nodeType": "host",
        "props": Object {
          "children": "Lorem ipsum, dolor sit amet consectetur adipisicing elit. Delectus deleniti nam beatae sint voluptas ea blanditiis, sequi itaque animi vero nisi aperiam necessitatibus mollitia est voluptates nemo sit at temporibus?",
        },
        "ref": null,
        "rendered": "Lorem ipsum, dolor sit amet consectetur adipisicing elit. Delectus deleniti nam beatae sint voluptas ea blanditiis, sequi itaque animi vero nisi aperiam necessitatibus mollitia est voluptates nemo sit at temporibus?",
        "type": "p",
      },
      Object {
        "instance": null,
        "key": undefined,
        "nodeType": "host",
        "props": Object {
          "children": "Credits",
        },
        "ref": null,
        "rendered": "Credits",
        "type": "h3",
      },
      Object {
        "instance": null,
        "key": undefined,
        "nodeType": "host",
        "props": Object {
          "children": Array [
            <li>
              React
            </li>,
            <li>
              Math.js
            </li>,
            <li>
              Fixer.io
            </li>,
          ],
        },
        "ref": null,
        "rendered": Array [
          Object {
            "instance": null,
            "key": undefined,
            "nodeType": "host",
            "props": Object {
              "children": "React",
            },
            "ref": null,
            "rendered": "React",
            "type": "li",
          },
          Object {
            "instance": null,
            "key": undefined,
            "nodeType": "host",
            "props": Object {
              "children": "Math.js",
            },
            "ref": null,
            "rendered": "Math.js",
            "type": "li",
          },
          Object {
            "instance": null,
            "key": undefined,
            "nodeType": "host",
            "props": Object {
              "children": "Fixer.io",
            },
            "ref": null,
            "rendered": "Fixer.io",
            "type": "li",
          },
        ],
        "type": "ul",
      },
      Object {
        "instance": null,
        "key": undefined,
        "nodeType": "host",
        "props": Object {
          "children": "Icons",
        },
        "ref": null,
        "rendered": "Icons",
        "type": "h4",
      },
      Object {
        "instance": null,
        "key": undefined,
        "nodeType": "host",
        "props": Object {
          "children": <span>
            Flag icons made by 
            <a
              href="https://www.flaticon.com/authors/twitter"
              title="Twitter"
            >
              Twitter
            </a>
             from 
            <a
              href="https://www.flaticon.com"
              title="Flaticon"
            >
              Flaticon.com
            </a>
          </span>,
        },
        "ref": null,
        "rendered": Object {
          "instance": null,
          "key": undefined,
          "nodeType": "host",
          "props": Object {
            "children": Array [
              "Flag icons made by ",
              <a
                href="https://www.flaticon.com/authors/twitter"
                title="Twitter"
              >
                Twitter
              </a>,
              " from ",
              <a
                href="https://www.flaticon.com"
                title="Flaticon"
              >
                Flaticon.com
              </a>,
            ],
          },
          "ref": null,
          "rendered": Array [
            "Flag icons made by ",
            Object {
              "instance": null,
              "key": undefined,
              "nodeType": "host",
              "props": Object {
                "children": "Twitter",
                "href": "https://www.flaticon.com/authors/twitter",
                "title": "Twitter",
              },
              "ref": null,
              "rendered": "Twitter",
              "type": "a",
            },
            " from ",
            Object {
              "instance": null,
              "key": undefined,
              "nodeType": "host",
              "props": Object {
                "children": "Flaticon.com",
                "href": "https://www.flaticon.com",
                "title": "Flaticon",
              },
              "ref": null,
              "rendered": "Flaticon.com",
              "type": "a",
            },
          ],
          "type": "span",
        },
        "type": "div",
      },
      Object {
        "instance": null,
        "key": undefined,
        "nodeType": "host",
        "props": Object {
          "children": <span>
            Bitcoin icon made by 
            <a
              href="https://www.flaticon.com/authors/pixel-buddha"
              title="Pixel Buddha"
            >
              Pixel Buddha
            </a>
             from 
            <a
              href="https://www.flaticon.com/"
              title="Flaticon"
            >
              Flaticon.com
            </a>
          </span>,
        },
        "ref": null,
        "rendered": Object {
          "instance": null,
          "key": undefined,
          "nodeType": "host",
          "props": Object {
            "children": Array [
              "Bitcoin icon made by ",
              <a
                href="https://www.flaticon.com/authors/pixel-buddha"
                title="Pixel Buddha"
              >
                Pixel Buddha
              </a>,
              " from ",
              <a
                href="https://www.flaticon.com/"
                title="Flaticon"
              >
                Flaticon.com
              </a>,
            ],
          },
          "ref": null,
          "rendered": Array [
            "Bitcoin icon made by ",
            Object {
              "instance": null,
              "key": undefined,
              "nodeType": "host",
              "props": Object {
                "children": "Pixel Buddha",
                "href": "https://www.flaticon.com/authors/pixel-buddha",
                "title": "Pixel Buddha",
              },
              "ref": null,
              "rendered": "Pixel Buddha",
              "type": "a",
            },
            " from ",
            Object {
              "instance": null,
              "key": undefined,
              "nodeType": "host",
              "props": Object {
                "children": "Flaticon.com",
                "href": "https://www.flaticon.com/",
                "title": "Flaticon",
              },
              "ref": null,
              "rendered": "Flaticon.com",
              "type": "a",
            },
          ],
          "type": "span",
        },
        "type": "div",
      },
      Object {
        "instance": null,
        "key": undefined,
        "nodeType": "host",
        "props": Object {
          "children": <span>
            Mass icon made by 
            <a
              href="http://www.freepik.com"
              title="Freepik"
            >
              Freepik
            </a>
             from 
            <a
              href="https://www.flaticon.com/"
              title="Flaticon"
            >
              Flaticon.com
            </a>
          </span>,
        },
        "ref": null,
        "rendered": Object {
          "instance": null,
          "key": undefined,
          "nodeType": "host",
          "props": Object {
            "children": Array [
              "Mass icon made by ",
              <a
                href="http://www.freepik.com"
                title="Freepik"
              >
                Freepik
              </a>,
              " from ",
              <a
                href="https://www.flaticon.com/"
                title="Flaticon"
              >
                Flaticon.com
              </a>,
            ],
          },
          "ref": null,
          "rendered": Array [
            "Mass icon made by ",
            Object {
              "instance": null,
              "key": undefined,
              "nodeType": "host",
              "props": Object {
                "children": "Freepik",
                "href": "http://www.freepik.com",
                "title": "Freepik",
              },
              "ref": null,
              "rendered": "Freepik",
              "type": "a",
            },
            " from ",
            Object {
              "instance": null,
              "key": undefined,
              "nodeType": "host",
              "props": Object {
                "children": "Flaticon.com",
                "href": "https://www.flaticon.com/",
                "title": "Flaticon",
              },
              "ref": null,
              "rendered": "Flaticon.com",
              "type": "a",
            },
          ],
          "type": "span",
        },
        "type": "div",
      },
      Object {
        "instance": null,
        "key": undefined,
        "nodeType": "host",
        "props": Object {
          "children": <span>
            Temperature icon made by 
            <a
              href="https://www.flaticon.com/authors/hirschwolf"
              title="hirschwolf"
            >
              hirschwolf
            </a>
             from 
            <a
              href="https://www.flaticon.com/"
              title="Flaticon"
            >
              Flaticon.com
            </a>
          </span>,
        },
        "ref": null,
        "rendered": Object {
          "instance": null,
          "key": undefined,
          "nodeType": "host",
          "props": Object {
            "children": Array [
              "Temperature icon made by ",
              <a
                href="https://www.flaticon.com/authors/hirschwolf"
                title="hirschwolf"
              >
                hirschwolf
              </a>,
              " from ",
              <a
                href="https://www.flaticon.com/"
                title="Flaticon"
              >
                Flaticon.com
              </a>,
            ],
          },
          "ref": null,
          "rendered": Array [
            "Temperature icon made by ",
            Object {
              "instance": null,
              "key": undefined,
              "nodeType": "host",
              "props": Object {
                "children": "hirschwolf",
                "href": "https://www.flaticon.com/authors/hirschwolf",
                "title": "hirschwolf",
              },
              "ref": null,
              "rendered": "hirschwolf",
              "type": "a",
            },
            " from ",
            Object {
              "instance": null,
              "key": undefined,
              "nodeType": "host",
              "props": Object {
                "children": "Flaticon.com",
                "href": "https://www.flaticon.com/",
                "title": "Flaticon",
              },
              "ref": null,
              "rendered": "Flaticon.com",
              "type": "a",
            },
          ],
          "type": "span",
        },
        "type": "div",
      },
      Object {
        "instance": null,
        "key": undefined,
        "nodeType": "host",
        "props": Object {
          "children": <span>
            All other icons from 
            <a
              href="https://iconmonstr.com/about/#creator"
            >
              Iconmonstr
            </a>
          </span>,
        },
        "ref": null,
        "rendered": Object {
          "instance": null,
          "key": undefined,
          "nodeType": "host",
          "props": Object {
            "children": Array [
              "All other icons from ",
              <a
                href="https://iconmonstr.com/about/#creator"
              >
                Iconmonstr
              </a>,
            ],
          },
          "ref": null,
          "rendered": Array [
            "All other icons from ",
            Object {
              "instance": null,
              "key": undefined,
              "nodeType": "host",
              "props": Object {
                "children": "Iconmonstr",
                "href": "https://iconmonstr.com/about/#creator",
              },
              "ref": null,
              "rendered": "Iconmonstr",
              "type": "a",
            },
          ],
          "type": "span",
        },
        "type": "div",
      },
    ],
    "type": Object {
      "$$typeof": Symbol(react.forward_ref),
      "attrs": undefined,
      "componentStyle": ComponentStyle {
        "componentId": "StyledNavPage-sc-1p2uwrr-0",
        "isStatic": true,
        "rules": Array [
          "h2{margin-top:0;}",
        ],
      },
      "displayName": "StyledNavPage",
      "render": [Function],
      "styledComponentId": "StyledNavPage-sc-1p2uwrr-0",
      "target": "div",
      "warnTooManyClasses": [Function],
      "withComponent": [Function],
    },
  },
  Symbol(enzyme.__nodes__): Array [
    Object {
      "instance": null,
      "key": undefined,
      "nodeType": "function",
      "props": Object {
        "children": Array [
          <h2>
            About
          </h2>,
          <p>
            Lorem ipsum, dolor sit amet consectetur adipisicing elit. Delectus deleniti nam beatae sint voluptas ea blanditiis, sequi itaque animi vero nisi aperiam necessitatibus mollitia est voluptates nemo sit at temporibus?
          </p>,
          <h3>
            Credits
          </h3>,
          <ul>
            <li>
              React
            </li>
            <li>
              Math.js
            </li>
            <li>
              Fixer.io
            </li>
          </ul>,
          <h4>
            Icons
          </h4>,
          <div>
            <span>
              Flag icons made by 
              <a
                href="https://www.flaticon.com/authors/twitter"
                title="Twitter"
              >
                Twitter
              </a>
               from 
              <a
                href="https://www.flaticon.com"
                title="Flaticon"
              >
                Flaticon.com
              </a>
            </span>
          </div>,
          <div>
            <span>
              Bitcoin icon made by 
              <a
                href="https://www.flaticon.com/authors/pixel-buddha"
                title="Pixel Buddha"
              >
                Pixel Buddha
              </a>
               from 
              <a
                href="https://www.flaticon.com/"
                title="Flaticon"
              >
                Flaticon.com
              </a>
            </span>
          </div>,
          <div>
            <span>
              Mass icon made by 
              <a
                href="http://www.freepik.com"
                title="Freepik"
              >
                Freepik
              </a>
               from 
              <a
                href="https://www.flaticon.com/"
                title="Flaticon"
              >
                Flaticon.com
              </a>
            </span>
          </div>,
          <div>
            <span>
              Temperature icon made by 
              <a
                href="https://www.flaticon.com/authors/hirschwolf"
                title="hirschwolf"
              >
                hirschwolf
              </a>
               from 
              <a
                href="https://www.flaticon.com/"
                title="Flaticon"
              >
                Flaticon.com
              </a>
            </span>
          </div>,
          <div>
            <span>
              All other icons from 
              <a
                href="https://iconmonstr.com/about/#creator"
              >
                Iconmonstr
              </a>
            </span>
          </div>,
        ],
      },
      "ref": null,
      "rendered": Array [
        Object {
          "instance": null,
          "key": undefined,
          "nodeType": "host",
          "props": Object {
            "children": "About",
          },
          "ref": null,
          "rendered": "About",
          "type": "h2",
        },
        Object {
          "instance": null,
          "key": undefined,
          "nodeType": "host",
          "props": Object {
            "children": "Lorem ipsum, dolor sit amet consectetur adipisicing elit. Delectus deleniti nam beatae sint voluptas ea blanditiis, sequi itaque animi vero nisi aperiam necessitatibus mollitia est voluptates nemo sit at temporibus?",
          },
          "ref": null,
          "rendered": "Lorem ipsum, dolor sit amet consectetur adipisicing elit. Delectus deleniti nam beatae sint voluptas ea blanditiis, sequi itaque animi vero nisi aperiam necessitatibus mollitia est voluptates nemo sit at temporibus?",
          "type": "p",
        },
        Object {
          "instance": null,
          "key": undefined,
          "nodeType": "host",
          "props": Object {
            "children": "Credits",
          },
          "ref": null,
          "rendered": "Credits",
          "type": "h3",
        },
        Object {
          "instance": null,
          "key": undefined,
          "nodeType": "host",
          "props": Object {
            "children": Array [
              <li>
                React
              </li>,
              <li>
                Math.js
              </li>,
              <li>
                Fixer.io
              </li>,
            ],
          },
          "ref": null,
          "rendered": Array [
            Object {
              "instance": null,
              "key": undefined,
              "nodeType": "host",
              "props": Object {
                "children": "React",
              },
              "ref": null,
              "rendered": "React",
              "type": "li",
            },
            Object {
              "instance": null,
              "key": undefined,
              "nodeType": "host",
              "props": Object {
                "children": "Math.js",
              },
              "ref": null,
              "rendered": "Math.js",
              "type": "li",
            },
            Object {
              "instance": null,
              "key": undefined,
              "nodeType": "host",
              "props": Object {
                "children": "Fixer.io",
              },
              "ref": null,
              "rendered": "Fixer.io",
              "type": "li",
            },
          ],
          "type": "ul",
        },
        Object {
          "instance": null,
          "key": undefined,
          "nodeType": "host",
          "props": Object {
            "children": "Icons",
          },
          "ref": null,
          "rendered": "Icons",
          "type": "h4",
        },
        Object {
          "instance": null,
          "key": undefined,
          "nodeType": "host",
          "props": Object {
            "children": <span>
              Flag icons made by 
              <a
                href="https://www.flaticon.com/authors/twitter"
                title="Twitter"
              >
                Twitter
              </a>
               from 
              <a
                href="https://www.flaticon.com"
                title="Flaticon"
              >
                Flaticon.com
              </a>
            </span>,
          },
          "ref": null,
          "rendered": Object {
            "instance": null,
            "key": undefined,
            "nodeType": "host",
            "props": Object {
              "children": Array [
                "Flag icons made by ",
                <a
                  href="https://www.flaticon.com/authors/twitter"
                  title="Twitter"
                >
                  Twitter
                </a>,
                " from ",
                <a
                  href="https://www.flaticon.com"
                  title="Flaticon"
                >
                  Flaticon.com
                </a>,
              ],
            },
            "ref": null,
            "rendered": Array [
              "Flag icons made by ",
              Object {
                "instance": null,
                "key": undefined,
                "nodeType": "host",
                "props": Object {
                  "children": "Twitter",
                  "href": "https://www.flaticon.com/authors/twitter",
                  "title": "Twitter",
                },
                "ref": null,
                "rendered": "Twitter",
                "type": "a",
              },
              " from ",
              Object {
                "instance": null,
                "key": undefined,
                "nodeType": "host",
                "props": Object {
                  "children": "Flaticon.com",
                  "href": "https://www.flaticon.com",
                  "title": "Flaticon",
                },
                "ref": null,
                "rendered": "Flaticon.com",
                "type": "a",
              },
            ],
            "type": "span",
          },
          "type": "div",
        },
        Object {
          "instance": null,
          "key": undefined,
          "nodeType": "host",
          "props": Object {
            "children": <span>
              Bitcoin icon made by 
              <a
                href="https://www.flaticon.com/authors/pixel-buddha"
                title="Pixel Buddha"
              >
                Pixel Buddha
              </a>
               from 
              <a
                href="https://www.flaticon.com/"
                title="Flaticon"
              >
                Flaticon.com
              </a>
            </span>,
          },
          "ref": null,
          "rendered": Object {
            "instance": null,
            "key": undefined,
            "nodeType": "host",
            "props": Object {
              "children": Array [
                "Bitcoin icon made by ",
                <a
                  href="https://www.flaticon.com/authors/pixel-buddha"
                  title="Pixel Buddha"
                >
                  Pixel Buddha
                </a>,
                " from ",
                <a
                  href="https://www.flaticon.com/"
                  title="Flaticon"
                >
                  Flaticon.com
                </a>,
              ],
            },
            "ref": null,
            "rendered": Array [
              "Bitcoin icon made by ",
              Object {
                "instance": null,
                "key": undefined,
                "nodeType": "host",
                "props": Object {
                  "children": "Pixel Buddha",
                  "href": "https://www.flaticon.com/authors/pixel-buddha",
                  "title": "Pixel Buddha",
                },
                "ref": null,
                "rendered": "Pixel Buddha",
                "type": "a",
              },
              " from ",
              Object {
                "instance": null,
                "key": undefined,
                "nodeType": "host",
                "props": Object {
                  "children": "Flaticon.com",
                  "href": "https://www.flaticon.com/",
                  "title": "Flaticon",
                },
                "ref": null,
                "rendered": "Flaticon.com",
                "type": "a",
              },
            ],
            "type": "span",
          },
          "type": "div",
        },
        Object {
          "instance": null,
          "key": undefined,
          "nodeType": "host",
          "props": Object {
            "children": <span>
              Mass icon made by 
              <a
                href="http://www.freepik.com"
                title="Freepik"
              >
                Freepik
              </a>
               from 
              <a
                href="https://www.flaticon.com/"
                title="Flaticon"
              >
                Flaticon.com
              </a>
            </span>,
          },
          "ref": null,
          "rendered": Object {
            "instance": null,
            "key": undefined,
            "nodeType": "host",
            "props": Object {
              "children": Array [
                "Mass icon made by ",
                <a
                  href="http://www.freepik.com"
                  title="Freepik"
                >
                  Freepik
                </a>,
                " from ",
                <a
                  href="https://www.flaticon.com/"
                  title="Flaticon"
                >
                  Flaticon.com
                </a>,
              ],
            },
            "ref": null,
            "rendered": Array [
              "Mass icon made by ",
              Object {
                "instance": null,
                "key": undefined,
                "nodeType": "host",
                "props": Object {
                  "children": "Freepik",
                  "href": "http://www.freepik.com",
                  "title": "Freepik",
                },
                "ref": null,
                "rendered": "Freepik",
                "type": "a",
              },
              " from ",
              Object {
                "instance": null,
                "key": undefined,
                "nodeType": "host",
                "props": Object {
                  "children": "Flaticon.com",
                  "href": "https://www.flaticon.com/",
                  "title": "Flaticon",
                },
                "ref": null,
                "rendered": "Flaticon.com",
                "type": "a",
              },
            ],
            "type": "span",
          },
          "type": "div",
        },
        Object {
          "instance": null,
          "key": undefined,
          "nodeType": "host",
          "props": Object {
            "children": <span>
              Temperature icon made by 
              <a
                href="https://www.flaticon.com/authors/hirschwolf"
                title="hirschwolf"
              >
                hirschwolf
              </a>
               from 
              <a
                href="https://www.flaticon.com/"
                title="Flaticon"
              >
                Flaticon.com
              </a>
            </span>,
          },
          "ref": null,
          "rendered": Object {
            "instance": null,
            "key": undefined,
            "nodeType": "host",
            "props": Object {
              "children": Array [
                "Temperature icon made by ",
                <a
                  href="https://www.flaticon.com/authors/hirschwolf"
                  title="hirschwolf"
                >
                  hirschwolf
                </a>,
                " from ",
                <a
                  href="https://www.flaticon.com/"
                  title="Flaticon"
                >
                  Flaticon.com
                </a>,
              ],
            },
            "ref": null,
            "rendered": Array [
              "Temperature icon made by ",
              Object {
                "instance": null,
                "key": undefined,
                "nodeType": "host",
                "props": Object {
                  "children": "hirschwolf",
                  "href": "https://www.flaticon.com/authors/hirschwolf",
                  "title": "hirschwolf",
                },
                "ref": null,
                "rendered": "hirschwolf",
                "type": "a",
              },
              " from ",
              Object {
                "instance": null,
                "key": undefined,
                "nodeType": "host",
                "props": Object {
                  "children": "Flaticon.com",
                  "href": "https://www.flaticon.com/",
                  "title": "Flaticon",
                },
                "ref": null,
                "rendered": "Flaticon.com",
                "type": "a",
              },
            ],
            "type": "span",
          },
          "type": "div",
        },
        Object {
          "instance": null,
          "key": undefined,
          "nodeType": "host",
          "props": Object {
            "children": <span>
              All other icons from 
              <a
                href="https://iconmonstr.com/about/#creator"
              >
                Iconmonstr
              </a>
            </span>,
          },
          "ref": null,
          "rendered": Object {
            "instance": null,
            "key": undefined,
            "nodeType": "host",
            "props": Object {
              "children": Array [
                "All other icons from ",
                <a
                  href="https://iconmonstr.com/about/#creator"
                >
                  Iconmonstr
                </a>,
              ],
            },
            "ref": null,
            "rendered": Array [
              "All other icons from ",
              Object {
                "instance": null,
                "key": undefined,
                "nodeType": "host",
                "props": Object {
                  "children": "Iconmonstr",
                  "href": "https://iconmonstr.com/about/#creator",
                },
                "ref": null,
                "rendered": "Iconmonstr",
                "type": "a",
              },
            ],
            "type": "span",
          },
          "type": "div",
        },
      ],
      "type": Object {
        "$$typeof": Symbol(react.forward_ref),
        "attrs": undefined,
        "componentStyle": ComponentStyle {
          "componentId": "StyledNavPage-sc-1p2uwrr-0",
          "isStatic": true,
          "rules": Array [
            "h2{margin-top:0;}",
          ],
        },
        "displayName": "StyledNavPage",
        "render": [Function],
        "styledComponentId": "StyledNavPage-sc-1p2uwrr-0",
        "target": "div",
        "warnTooManyClasses": [Function],
        "withComponent": [Function],
      },
    },
  ],
  Symbol(enzyme.__options__): Object {
    "adapter": ReactSixteenAdapter {
      "options": Object {
        "enableComponentDidUpdateOnSetState": true,
        "lifecycles": Object {
          "componentDidUpdate": Object {
            "onSetState": true,
          },
          "getDerivedStateFromProps": true,
          "getSnapshotBeforeUpdate": true,
          "setState": Object {
            "skipsComponentDidUpdateOnNullish": true,
          },
        },
      },
    },
  },
}
`;
