// Jest Snapshot v1, https://goo.gl/fbAQLP

exports[`Help should render the Help page 1`] = `
ShallowWrapper {
  Symbol(enzyme.__root__): [Circular],
  Symbol(enzyme.__unrendered__): <Help />,
  Symbol(enzyme.__renderer__): Object {
    "batchedUpdates": [Function],
    "checkPropTypes": [Function],
    "getNode": [Function],
    "render": [Function],
    "simulateError": [Function],
    "simulateEvent": [Function],
    "unmount": [Function],
  },
  Symbol(enzyme.__node__): Object {
    "instance": null,
    "key": undefined,
    "nodeType": "function",
    "props": Object {
      "children": Array [
        <h2>
          Help
        </h2>,
        <p>
          This is the help page.
        </p>,
        <p>
          Lorem ipsum dolor sit amet consectetur adipisicing elit. Modi autem quo voluptatum corrupti vitae, et blanditiis tempora inventore nostrum quam neque eum magnam velit pariatur voluptates architecto repellat saepe recusandae!
        </p>,
      ],
    },
    "ref": null,
    "rendered": Array [
      Object {
        "instance": null,
        "key": undefined,
        "nodeType": "host",
        "props": Object {
          "children": "Help",
        },
        "ref": null,
        "rendered": "Help",
        "type": "h2",
      },
      Object {
        "instance": null,
        "key": undefined,
        "nodeType": "host",
        "props": Object {
          "children": "This is the help page.",
        },
        "ref": null,
        "rendered": "This is the help page.",
        "type": "p",
      },
      Object {
        "instance": null,
        "key": undefined,
        "nodeType": "host",
        "props": Object {
          "children": "Lorem ipsum dolor sit amet consectetur adipisicing elit. Modi autem quo voluptatum corrupti vitae, et blanditiis tempora inventore nostrum quam neque eum magnam velit pariatur voluptates architecto repellat saepe recusandae!",
        },
        "ref": null,
        "rendered": "Lorem ipsum dolor sit amet consectetur adipisicing elit. Modi autem quo voluptatum corrupti vitae, et blanditiis tempora inventore nostrum quam neque eum magnam velit pariatur voluptates architecto repellat saepe recusandae!",
        "type": "p",
      },
    ],
    "type": Object {
      "$$typeof": Symbol(react.forward_ref),
      "attrs": Array [],
      "componentStyle": ComponentStyle {
        "componentId": "StyledNavPage-sc-1p2uwrr-0",
        "isStatic": true,
        "rules": Array [
          "h2{margin-top:0;}",
        ],
      },
      "displayName": "StyledNavPage",
      "foldedComponentIds": Array [],
      "render": [Function],
      "styledComponentId": "StyledNavPage-sc-1p2uwrr-0",
      "target": "div",
      "toString": [Function],
      "warnTooManyClasses": [Function],
      "withComponent": [Function],
    },
  },
  Symbol(enzyme.__nodes__): Array [
    Object {
      "instance": null,
      "key": undefined,
      "nodeType": "function",
      "props": Object {
        "children": Array [
          <h2>
            Help
          </h2>,
          <p>
            This is the help page.
          </p>,
          <p>
            Lorem ipsum dolor sit amet consectetur adipisicing elit. Modi autem quo voluptatum corrupti vitae, et blanditiis tempora inventore nostrum quam neque eum magnam velit pariatur voluptates architecto repellat saepe recusandae!
          </p>,
        ],
      },
      "ref": null,
      "rendered": Array [
        Object {
          "instance": null,
          "key": undefined,
          "nodeType": "host",
          "props": Object {
            "children": "Help",
          },
          "ref": null,
          "rendered": "Help",
          "type": "h2",
        },
        Object {
          "instance": null,
          "key": undefined,
          "nodeType": "host",
          "props": Object {
            "children": "This is the help page.",
          },
          "ref": null,
          "rendered": "This is the help page.",
          "type": "p",
        },
        Object {
          "instance": null,
          "key": undefined,
          "nodeType": "host",
          "props": Object {
            "children": "Lorem ipsum dolor sit amet consectetur adipisicing elit. Modi autem quo voluptatum corrupti vitae, et blanditiis tempora inventore nostrum quam neque eum magnam velit pariatur voluptates architecto repellat saepe recusandae!",
          },
          "ref": null,
          "rendered": "Lorem ipsum dolor sit amet consectetur adipisicing elit. Modi autem quo voluptatum corrupti vitae, et blanditiis tempora inventore nostrum quam neque eum magnam velit pariatur voluptates architecto repellat saepe recusandae!",
          "type": "p",
        },
      ],
      "type": Object {
        "$$typeof": Symbol(react.forward_ref),
        "attrs": Array [],
        "componentStyle": ComponentStyle {
          "componentId": "StyledNavPage-sc-1p2uwrr-0",
          "isStatic": true,
          "rules": Array [
            "h2{margin-top:0;}",
          ],
        },
        "displayName": "StyledNavPage",
        "foldedComponentIds": Array [],
        "render": [Function],
        "styledComponentId": "StyledNavPage-sc-1p2uwrr-0",
        "target": "div",
        "toString": [Function],
        "warnTooManyClasses": [Function],
        "withComponent": [Function],
      },
    },
  ],
  Symbol(enzyme.__options__): Object {
    "adapter": ReactSixteenAdapter {
      "options": Object {
        "enableComponentDidUpdateOnSetState": true,
        "legacyContextMode": "parent",
        "lifecycles": Object {
          "componentDidUpdate": Object {
            "onSetState": true,
          },
          "getChildContext": Object {
            "calledByRenderer": false,
          },
          "getDerivedStateFromProps": true,
          "getSnapshotBeforeUpdate": true,
          "setState": Object {
            "skipsComponentDidUpdateOnNullish": true,
          },
        },
      },
    },
  },
}
`;
