// Jest Snapshot v1, https://goo.gl/fbAQLP

exports[`Help should render the Help page 1`] = `
ShallowWrapper {
  "length": 1,
  Symbol(enzyme.__root__): [Circular],
  Symbol(enzyme.__unrendered__): <Help />,
  Symbol(enzyme.__renderer__): Object {
    "batchedUpdates": [Function],
    "getNode": [Function],
    "render": [Function],
    "simulateEvent": [Function],
    "unmount": [Function],
  },
  Symbol(enzyme.__node__): Object {
    "instance": null,
    "key": undefined,
    "nodeType": "class",
    "props": Object {
      "children": Array [
        <h2>
          Help
</h2>,
        <p>
          This is the help page.
</p>,
        <p>
          Lorem ipsum dolor sit amet consectetur adipisicing elit.Modi autem quo voluptatum corrupti vitae, et blanditiis tempora inventore nostrum quam neque eum magnam velit pariatur voluptates architecto repellat saepe recusandae!
</p>,
      ],
    },
    "ref": null,
    "rendered": Array [
      Object {
        "instance": null,
        "key": undefined,
        "nodeType": "host",
        "props": Object {
          "children": "Help",
        },
        "ref": null,
        "rendered": "Help",
        "type": "h2",
      },
      Object {
        "instance": null,
        "key": undefined,
        "nodeType": "host",
        "props": Object {
          "children": "This is the help page.",
        },
        "ref": null,
        "rendered": "This is the help page.",
        "type": "p",
      },
      Object {
        "instance": null,
        "key": undefined,
        "nodeType": "host",
        "props": Object {
          "children": "Lorem ipsum dolor sit amet consectetur adipisicing elit.Modi autem quo voluptatum corrupti vitae, et blanditiis tempora inventore nostrum quam neque eum magnam velit pariatur voluptates architecto repellat saepe recusandae!",
        },
        "ref": null,
        "rendered": "Lorem ipsum dolor sit amet consectetur adipisicing elit.Modi autem quo voluptatum corrupti vitae, et blanditiis tempora inventore nostrum quam neque eum magnam velit pariatur voluptates architecto repellat saepe recusandae!",
        "type": "p",
      },
    ],
    "type": [Function],
  },
  Symbol(enzyme.__nodes__): Array [
    Object {
      "instance": null,
      "key": undefined,
      "nodeType": "class",
      "props": Object {
        "children": Array [
          <h2>
            Help
</h2>,
          <p>
            This is the help page.
</p>,
          <p>
            Lorem ipsum dolor sit amet consectetur adipisicing elit.Modi autem quo voluptatum corrupti vitae, et blanditiis tempora inventore nostrum quam neque eum magnam velit pariatur voluptates architecto repellat saepe recusandae!
</p>,
        ],
      },
      "ref": null,
      "rendered": Array [
        Object {
          "instance": null,
          "key": undefined,
          "nodeType": "host",
          "props": Object {
            "children": "Help",
          },
          "ref": null,
          "rendered": "Help",
          "type": "h2",
        },
        Object {
          "instance": null,
          "key": undefined,
          "nodeType": "host",
          "props": Object {
            "children": "This is the help page.",
          },
          "ref": null,
          "rendered": "This is the help page.",
          "type": "p",
        },
        Object {
          "instance": null,
          "key": undefined,
          "nodeType": "host",
          "props": Object {
            "children": "Lorem ipsum dolor sit amet consectetur adipisicing elit.Modi autem quo voluptatum corrupti vitae, et blanditiis tempora inventore nostrum quam neque eum magnam velit pariatur voluptates architecto repellat saepe recusandae!",
          },
          "ref": null,
          "rendered": "Lorem ipsum dolor sit amet consectetur adipisicing elit.Modi autem quo voluptatum corrupti vitae, et blanditiis tempora inventore nostrum quam neque eum magnam velit pariatur voluptates architecto repellat saepe recusandae!",
          "type": "p",
        },
      ],
      "type": [Function],
    },
  ],
  Symbol(enzyme.__options__): Object {
    "adapter": ReactSixteenAdapter {
      "options": Object {
        "enableComponentDidUpdateOnSetState": true,
      },
    },
  },
}
`;
