// Jest Snapshot v1, https://goo.gl/fbAQLP

exports[`index matches the snapshot 1`] = `
<div
  className="sc-jzJRlG cEApiD"
>
  <div
    className="sc-bwzfXH hoEbNg"
  >
    <a
      className="sc-htpNat dCVoSI"
      href="/"
      onClick={[Function]}
    >
      <h1>
        Converter
      </h1>
    </a>
    <div />
    <a
      className="sc-bdVaJa hZEIeH"
      header={true}
      href="/help"
      onClick={[Function]}
    >
      <i
        className="fa"
      />
    </a>
    <a
      className="sc-bdVaJa hZEIeH"
      header={true}
      href="/about"
      onClick={[Function]}
    >
      <i
        className="fa"
      />
    </a>
  </div>
  <div
    className="sc-bxivhb feJZaj"
  >
    <a
      className="sc-bdVaJa dbfokX"
      href="/length"
      onClick={[Function]}
    >
      Length
    </a>
    <a
      className="sc-bdVaJa dbfokX"
      href="/surfacearea"
      onClick={[Function]}
    >
      Surface Area
    </a>
    <a
      className="sc-bdVaJa dbfokX"
      href="/angles"
      onClick={[Function]}
    >
      Angles
    </a>
    <a
      className="sc-bdVaJa dbfokX"
      href="/time"
      onClick={[Function]}
    >
      Time
    </a>
    <a
      className="sc-bdVaJa dbfokX"
      href="/frequency"
      onClick={[Function]}
    >
      Frequency
    </a>
    <a
      className="sc-bdVaJa dbfokX"
      href="/mass"
      onClick={[Function]}
    >
      Mass
    </a>
    <a
      className="sc-bdVaJa dbfokX"
      href="/electriccurrent"
      onClick={[Function]}
    >
      Electric Current
    </a>
    <a
      className="sc-bdVaJa dbfokX"
      href="/temperature"
      onClick={[Function]}
    >
      Temperature
    </a>
    <a
      className="sc-bdVaJa dbfokX"
      href="/force"
      onClick={[Function]}
    >
      Force
    </a>
    <a
      className="sc-bdVaJa dbfokX"
      href="/energy"
      onClick={[Function]}
    >
      Energy
    </a>
    <a
      className="sc-bdVaJa dbfokX"
      href="/datastorage"
      onClick={[Function]}
    >
      Data Storage
    </a>
  </div>
  <div
    className="sc-fjdhpX dMSIba"
  >
    <div
      className="sc-jTzLTM juikVe"
    >
      <div
        className="sc-gZMcBi csOeYv"
        name="left"
      >
        <input
          className="sc-gqjmRU cmnkjW"
          name="leftInput"
          onChange={[Function]}
          type="text"
          value=""
        />
        <div
          className="sc-htoDjs jXZFDC"
          onBlur={[Function]}
          onFocus={[Function]}
        >
          <button
            className="sc-EHOje crfmkI"
            name="header"
            onClick={[Function]}
            onFocus={[Function]}
            tabIndex="0"
          >
            Meter
          </button>
          <button
            className="sc-dnqmqq cppLsW"
            name="arrow"
            onClick={[Function]}
            tabIndex="-1"
          >
            <i
              className="fa"
            />
          </button>
        </div>
      </div>
      <div
        className="sc-VigVT ecmxtM"
      >
        <div>
          ⇀
        </div>
        <div>
          ↽
        </div>
      </div>
      <div
        className="sc-gZMcBi evGDlj"
        name="right"
      >
        <input
          className="sc-gqjmRU cmnkjW"
          name="rightInput"
          onChange={[Function]}
          type="text"
          value=""
        />
        <div
          className="sc-htoDjs jXZFDC"
          onBlur={[Function]}
          onFocus={[Function]}
        >
          <button
            className="sc-EHOje crfmkI"
            name="header"
            onClick={[Function]}
            onFocus={[Function]}
            tabIndex="0"
          >
            Inch
          </button>
          <button
            className="sc-dnqmqq cppLsW"
            name="arrow"
            onClick={[Function]}
            tabIndex="-1"
          >
            <i
              className="fa"
            />
          </button>
        </div>
      </div>
    </div>
  </div>
</div>
`;
