// Jest Snapshot v1, https://goo.gl/fbAQLP

exports[`index matches the snapshot 1`] = `
<div
  className="sc-gZMcBi bLVCIh"
>
  <div
    className="sc-bdVaJa hwHxJX"
  >
    <h1
      className="sc-bwzfXH jhjshD"
    >
      Converter
    </h1>
    <div />
    <a
      className="sc-htpNat cmyCEp"
      href="/help"
      onClick={[Function]}
    >
      Help
    </a>
    <a
      className="sc-htpNat cmyCEp"
      href="/about"
      onClick={[Function]}
    >
      About
    </a>
  </div>
  <div
    className="sc-bxivhb jZlZmq"
  >
    <a
      className="sc-ifAKCX ecOCuU"
      href="/length"
      onClick={[Function]}
    >
      Length
    </a>
    <a
      className="sc-ifAKCX ecOCuU"
      href="/surfacearea"
      onClick={[Function]}
    >
      Surface Area
    </a>
    <a
      className="sc-ifAKCX ecOCuU"
      href="/angles"
      onClick={[Function]}
    >
      Angles
    </a>
    <a
      className="sc-ifAKCX ecOCuU"
      href="/time"
      onClick={[Function]}
    >
      Time
    </a>
    <a
      className="sc-ifAKCX ecOCuU"
      href="/mass"
      onClick={[Function]}
    >
      Mass
    </a>
    <a
      className="sc-ifAKCX ecOCuU"
      href="/temperature"
      onClick={[Function]}
    >
      Temperature
    </a>
    <a
      className="sc-ifAKCX ecOCuU"
      href="/force"
      onClick={[Function]}
    >
      Force
    </a>
    <a
      className="sc-ifAKCX ecOCuU"
      href="/energy"
      onClick={[Function]}
    >
      Energy
    </a>
    <a
      className="sc-ifAKCX ecOCuU"
      href="/datastorage"
      onClick={[Function]}
    >
      Data Storage
    </a>
  </div>
  <div
    className="sc-iwsKbI cJuESD"
  >
    <div
      className="sc-dnqmqq iUAEEb"
    >
      <div
        className="sc-htoDjs jwtJnE"
        name="left"
      >
        <input
          name="leftInput"
          onChange={[Function]}
          type="text"
          value=""
        />
        <div
          className="sc-gzVnrw dBLEPe"
          onBlur={[Function]}
          onFocus={[Function]}
        >
          <div
            name="header"
            onClick={[Function]}
            onFocus={[Function]}
            role="button"
            tabIndex="0"
          >
            Meter
          </div>
          <button
            name="arrow"
            onClick={[Function]}
            tabIndex="-1"
          >
            ˇ
          </button>
        </div>
      </div>
      <div
        className="sc-htoDjs gkyORg"
        name="right"
      >
        <input
          name="rightInput"
          onChange={[Function]}
          type="text"
          value=""
        />
        <div
          className="sc-gzVnrw dBLEPe"
          onBlur={[Function]}
          onFocus={[Function]}
        >
          <div
            name="header"
            onClick={[Function]}
            onFocus={[Function]}
            role="button"
            tabIndex="0"
          >
            Inch
          </div>
          <button
            name="arrow"
            onClick={[Function]}
            tabIndex="-1"
          >
            ˇ
          </button>
        </div>
      </div>
    </div>
  </div>
</div>
`;
