// Jest Snapshot v1, https://goo.gl/fbAQLP

exports[`index matches the snapshot 1`] = `
Array [
  <div>
    <a
        href="/help"
        onClick={[Function]}
    >
        Help
    </a>
    <a
        href="/about"
        onClick={[Function]}
    >
        About
    </a>
</div>,
  <div>
    <li>
        <a
            href="/length"
            onClick={[Function]}
        >
            Length
        </a>
    </li>
    <li>
        <a
            href="/surfacearea"
            onClick={[Function]}
        >
            Surface Area
        </a>
    </li>
    <li>
        <a
            href="/angles"
            onClick={[Function]}
        >
            Angles
        </a>
    </li>
    <li>
        <a
            href="/time"
            onClick={[Function]}
        >
            Time
        </a>
    </li>
    <li>
        <a
            href="/mass"
            onClick={[Function]}
        >
            Mass
        </a>
    </li>
    <li>
        <a
            href="/temperature"
            onClick={[Function]}
        >
            Temperature
        </a>
    </li>
</div>,
  <div>
    <div>
        <input
            name="leftInput"
            onChange={[Function]}
            type="text"
            value=""
        />
        <select
            name="leftUnit"
            onChange={[Function]}
            value="meter"
        >
            <option
                value="meter"
            >
                Meter
            </option>
            <option
                value="inch"
            >
                Inch
            </option>
            <option
                value="foot"
            >
                Foot
            </option>
            <option
                value="yard"
            >
                Yard
            </option>
            <option
                value="mile"
            >
                Mile
            </option>
            <option
                value="link"
            >
                Link
            </option>
            <option
                value="rod"
            >
                Rod
            </option>
            <option
                value="chain"
            >
                Chain
            </option>
            <option
                value="angstrom"
            >
                Angstrom
            </option>
            <option
                value="mil"
            >
                Thousandth of an inch
            </option>
        </select>
    </div>
    <div>
        <input
            name="rightInput"
            onChange={[Function]}
            type="text"
            value=""
        />
        <select
            name="rightUnit"
            onChange={[Function]}
            value="inch"
        >
            <option
                value="meter"
            >
                Meter
            </option>
            <option
                value="inch"
            >
                Inch
            </option>
            <option
                value="foot"
            >
                Foot
            </option>
            <option
                value="yard"
            >
                Yard
            </option>
            <option
                value="mile"
            >
                Mile
            </option>
            <option
                value="link"
            >
                Link
            </option>
            <option
                value="rod"
            >
                Rod
            </option>
            <option
                value="chain"
            >
                Chain
            </option>
            <option
                value="angstrom"
            >
                Angstrom
            </option>
            <option
                value="mil"
            >
                Thousandth of an inch
            </option>
        </select>
    </div>
</div>,
]
`;
