// Jest Snapshot v1, https://goo.gl/fbAQLP

exports[`InputUnit should render an input element, with the correct props 1`] = `
ShallowWrapper {
  Symbol(enzyme.__root__): [Circular],
  Symbol(enzyme.__unrendered__): <InputUnit
    conversionType="type1"
    disableInputs={false}
    dropdownValue="mathName2"
    handleChange={[MockFunction]}
    name="name"
    options={
      Array [
        Object {
          "displayName": "display1",
          "mathName": "mathName1",
        },
        Object {
          "displayName": "display2",
          "mathName": "mathName2",
        },
        Object {
          "displayName": "display3",
          "mathName": "mathName3",
        },
      ]
    }
    textValue="InputValue"
  />,
  Symbol(enzyme.__renderer__): Object {
    "batchedUpdates": [Function],
    "getNode": [Function],
    "render": [Function],
    "simulateError": [Function],
    "simulateEvent": [Function],
    "unmount": [Function],
  },
  Symbol(enzyme.__node__): Object {
    "instance": null,
    "key": undefined,
    "nodeType": "class",
    "props": Object {
      "children": Array [
        <styled.input
          disabled={false}
          name="nameInput"
          onChange={[Function]}
          type="text"
          value="InputValue"
        />,
        <FilterDropdown
          conversionType="type1"
          disableInputs={false}
          dropdownValue="mathName2"
          handleChange={[MockFunction]}
          name="name"
          options={
            Array [
              Object {
                "displayName": "display1",
                "mathName": "mathName1",
              },
              Object {
                "displayName": "display2",
                "mathName": "mathName2",
              },
              Object {
                "displayName": "display3",
                "mathName": "mathName3",
              },
            ]
          }
        />,
      ],
      "name": "name",
    },
    "ref": null,
    "rendered": Array [
      Object {
        "instance": null,
        "key": undefined,
        "nodeType": "class",
        "props": Object {
          "disabled": false,
          "name": "nameInput",
          "onChange": [Function],
          "type": "text",
          "value": "InputValue",
        },
        "ref": null,
        "rendered": null,
        "type": [Function],
      },
      Object {
        "instance": null,
        "key": undefined,
        "nodeType": "class",
        "props": Object {
          "conversionType": "type1",
          "disableInputs": false,
          "dropdownValue": "mathName2",
          "handleChange": [MockFunction],
          "name": "name",
          "options": Array [
            Object {
              "displayName": "display1",
              "mathName": "mathName1",
            },
            Object {
              "displayName": "display2",
              "mathName": "mathName2",
            },
            Object {
              "displayName": "display3",
              "mathName": "mathName3",
            },
          ],
        },
        "ref": null,
        "rendered": null,
        "type": [Function],
      },
    ],
    "type": [Function],
  },
  Symbol(enzyme.__nodes__): Array [
    Object {
      "instance": null,
      "key": undefined,
      "nodeType": "class",
      "props": Object {
        "children": Array [
          <styled.input
            disabled={false}
            name="nameInput"
            onChange={[Function]}
            type="text"
            value="InputValue"
          />,
          <FilterDropdown
            conversionType="type1"
            disableInputs={false}
            dropdownValue="mathName2"
            handleChange={[MockFunction]}
            name="name"
            options={
              Array [
                Object {
                  "displayName": "display1",
                  "mathName": "mathName1",
                },
                Object {
                  "displayName": "display2",
                  "mathName": "mathName2",
                },
                Object {
                  "displayName": "display3",
                  "mathName": "mathName3",
                },
              ]
            }
          />,
        ],
        "name": "name",
      },
      "ref": null,
      "rendered": Array [
        Object {
          "instance": null,
          "key": undefined,
          "nodeType": "class",
          "props": Object {
            "disabled": false,
            "name": "nameInput",
            "onChange": [Function],
            "type": "text",
            "value": "InputValue",
          },
          "ref": null,
          "rendered": null,
          "type": [Function],
        },
        Object {
          "instance": null,
          "key": undefined,
          "nodeType": "class",
          "props": Object {
            "conversionType": "type1",
            "disableInputs": false,
            "dropdownValue": "mathName2",
            "handleChange": [MockFunction],
            "name": "name",
            "options": Array [
              Object {
                "displayName": "display1",
                "mathName": "mathName1",
              },
              Object {
                "displayName": "display2",
                "mathName": "mathName2",
              },
              Object {
                "displayName": "display3",
                "mathName": "mathName3",
              },
            ],
          },
          "ref": null,
          "rendered": null,
          "type": [Function],
        },
      ],
      "type": [Function],
    },
  ],
  Symbol(enzyme.__options__): Object {
    "adapter": ReactSixteenAdapter {
      "options": Object {
        "enableComponentDidUpdateOnSetState": true,
        "lifecycles": Object {
          "componentDidUpdate": Object {
            "onSetState": true,
          },
          "getDerivedStateFromProps": true,
          "getSnapshotBeforeUpdate": true,
          "setState": Object {
            "skipsComponentDidUpdateOnNullish": true,
          },
        },
      },
    },
    "attachTo": undefined,
    "hydrateIn": undefined,
  },
}
`;
