// Jest Snapshot v1, https://goo.gl/fbAQLP

exports[`NoRoute should render a Error page for a non matched route 1`] = `
ShallowWrapper {
  Symbol(enzyme.__root__): [Circular],
  Symbol(enzyme.__unrendered__): <NoRoute />,
  Symbol(enzyme.__renderer__): Object {
    "batchedUpdates": [Function],
    "getNode": [Function],
    "render": [Function],
    "simulateError": [Function],
    "simulateEvent": [Function],
    "unmount": [Function],
  },
  Symbol(enzyme.__node__): Object {
    "instance": null,
    "key": undefined,
    "nodeType": "host",
    "props": Object {
      "children": Array [
        "Uh-oh! No page exists why dont you go back ",
        <Link
          replace={false}
          to="/length"
>
          home
</Link>,
        ".",
      ],
    },
    "ref": null,
    "rendered": Array [
      "Uh-oh! No page exists why dont you go back ",
      Object {
        "instance": null,
        "key": undefined,
        "nodeType": "class",
        "props": Object {
          "children": "home",
          "replace": false,
          "to": "/length",
        },
        "ref": null,
        "rendered": "home",
        "type": [Function],
      },
      ".",
    ],
    "type": "div",
  },
  Symbol(enzyme.__nodes__): Array [
    Object {
      "instance": null,
      "key": undefined,
      "nodeType": "host",
      "props": Object {
        "children": Array [
          "Uh-oh! No page exists why dont you go back ",
          <Link
            replace={false}
            to="/length"
>
            home
</Link>,
          ".",
        ],
      },
      "ref": null,
      "rendered": Array [
        "Uh-oh! No page exists why dont you go back ",
        Object {
          "instance": null,
          "key": undefined,
          "nodeType": "class",
          "props": Object {
            "children": "home",
            "replace": false,
            "to": "/length",
          },
          "ref": null,
          "rendered": "home",
          "type": [Function],
        },
        ".",
      ],
      "type": "div",
    },
  ],
  Symbol(enzyme.__options__): Object {
    "adapter": ReactSixteenAdapter {
      "options": Object {
        "enableComponentDidUpdateOnSetState": true,
        "lifecycles": Object {
          "componentDidUpdate": Object {
            "onSetState": true,
          },
          "getDerivedStateFromProps": true,
          "getSnapshotBeforeUpdate": true,
          "setState": Object {
            "skipsComponentDidUpdateOnNullish": true,
          },
        },
      },
    },
    "attachTo": undefined,
    "hydrateIn": undefined,
  },
}
`;
